Auditing the age of installed production npm packages…

[2m[22mfake-tag@2.0.0
[31m[2m2019-12-23T11:44:44.504Z[22m (2 years ago)[39m

  [31mYear+[39m 1
   [33mYear[39m 0
  [35mMonth[39m 0
   [36mWeek[39m 0
    [32mDay[39m 0
[90mUnknown[39m 0

[1mAudited the age of 1 installed production npm package.[22m

